[techlawfirm.net/index.html]
[backblue.gif]
[fade.gif]
[index.html]
[connect.facebook.net/en_US/fbevents.js]
[use.fontawesome.com/releases/v5.0.13/css/all.css]
[techlawfirm.net/privacy-policy.html]
[techlawfirm.net/img/logo.png]
[techlawfirm.net/login.html]
[techlawfirm.net/es.html]
[techlawfirm.net/zh.html]
[techlawfirm.net/ru.html]
[techlawfirm.net/ru/certificate-of-citizenship.html]
[techlawfirm.net/ru/green-card.html]
[techlawfirm.net/ru/green-card/family-based-green-card.html]
[techlawfirm.net/ru/green-card/marriage-green-card.html]
[techlawfirm.net/ru/green-card/adjustment-of-status.html]
[techlawfirm.net/ru/green-card/employment-based-green-card.html]
[techlawfirm.net/ru/green-card/diversity-visa-program-green-card-lottery.html]
[techlawfirm.net/ru/green-card/green-card-replacement.html]
[techlawfirm.net/ru/green-card/green-card-renewal.html]
[techlawfirm.net/ru/green-card/employment-authorization.html]
[techlawfirm.net/ru/green-card/advance-parole.html]
[techlawfirm.net/ru/green-card/refugees-and-asylum.html]
[techlawfirm.net/ru/u-s-visas.html]
[techlawfirm.net/ru/u-s-visas/business-visitor-tourist-visa-b1-b2.html]
[techlawfirm.net/ru/u-s-visas/student-visa-f-1.html]
[techlawfirm.net/ru/u-s-visas/student-visa-m-1.html]
[techlawfirm.net/ru/u-s-visas/fiance-visa-k-1.html]
[techlawfirm.net/ru/u-s-visas/temporary-work-visa-h1b.html]
[techlawfirm.net/ru/u-s-visas/intracompany-transferees-visa-l1.html]
[techlawfirm.net/ru/u-s-visas/visa-for-persons-with-extraordinary-ability-o1.html]
[techlawfirm.net/ru/u-s-visas/visa-for-foreign-investors.html]
[techlawfirm.net/ru/u-s-visas/treaty-investors-and-employees.html]
[techlawfirm.net/ru/removal-and-deportation]
[techlawfirm.net/ru/removal-and-deportation/your-rights]
[techlawfirm.net/ru/removal-and-deportation/how-to-behave-with-ice-agents]
[techlawfirm.net/ru/removal-and-deportation/for-friends-and-family]
[techlawfirm.net/ru/removal-and-deportation/getting-an-attorney]
[techlawfirm.net/ru/fees.html]
[techlawfirm.net/ru/contacts.html]
[techlawfirm.net/ru/reviews.html]
[techlawfirm.net/ru/knowledge-center.html]
[techlawfirm.net/ru/about-us.html]
[techlawfirm.net/ru/signup.html]
[techlawfirm.net/ru/terms-of-use.html]
[www.google.com/recaptcha/apid151.js]
[code.jivosite.com/widget.js]
[techlawfirm.net/assets/60592873/jquery.js]
[techlawfirm.net/assets/e34b62d2/yii.js]
[techlawfirm.net/assets/7765187a/js/bootstrap.bundle.js]
[techlawfirm.net/site.js]
[techlawfirm.net/assets/a25e3e2e/jquery.cookie.js]
[techlawfirm.net/assets/e34b62d2/yii.validation.js]
[techlawfirm.net/assets/e34b62d2/yii.activeForm.js]
[techlawfirm.net/index.html]
[www.googletagmanager.com/gtm5445.html]
[techlawfirm.net/ru/a]
[techlawfirm.net/ru/POST]
[techlawfirm.net/ru/b.resolvedLink]
[techlawfirm.net/ru/signals/iwl.js]
[connect.facebook.net/en_US/fbevents.js]
[techlawfirm.net/assets/7765187a/css/bootstrap.css]
[techlawfirm.net/img/design/backgrounds/lowpoly3.png]
[techlawfirm.net/img/design/i_edge_1.png]
[techlawfirm.net/img/design/i_edge_2.png]
[techlawfirm.net/img/design/i_edge_3.png]
[techlawfirm.net/img/design/i_edge_4.png]
[techlawfirm.net/img/design/i_edge_5.png]
[techlawfirm.net/img/design/i_edge_6.png]
[techlawfirm.net/img/design/i_edge_7.png]
[techlawfirm.net/img/design/i_edge_8.png]
[techlawfirm.net/site.css]
[use.fontawesome.com/releases/v5.0.13/css/all.css]
[techlawfirm.net/es/privacy-policy.html]
[techlawfirm.net/zh/privacy-policy.html]
[techlawfirm.net/privacy-policy.html]
[techlawfirm.net/ru/privacy-policy.html]
[techlawfirm.net/es/login.html]
[techlawfirm.net/zh/login.html]
[techlawfirm.net/ru/login.html]
[techlawfirm.net/ru/auth/reset-password/request.html]
[techlawfirm.net/login.html]
[techlawfirm.net/ru/auth/email/resend.html]
[techlawfirm.net/es/certificate-of-citizenship.html]
[techlawfirm.net/es/green-card.html]
[techlawfirm.net/es/green-card/family-based-green-card.html]
[techlawfirm.net/es/green-card/marriage-green-card.html]
[techlawfirm.net/es/green-card/adjustment-of-status.html]
[techlawfirm.net/es/green-card/employment-based-green-card.html]
[techlawfirm.net/es/green-card/diversity-visa-program-green-card-lottery.html]
[techlawfirm.net/es/green-card/green-card-replacement.html]
[techlawfirm.net/es/green-card/green-card-renewal.html]
[techlawfirm.net/es/green-card/employment-authorization.html]
[techlawfirm.net/es/green-card/advance-parole.html]
[techlawfirm.net/es/green-card/refugees-and-asylum.html]
[techlawfirm.net/es/u-s-visas.html]
[techlawfirm.net/es/u-s-visas/business-visitor-tourist-visa-b1-b2.html]
[techlawfirm.net/es/u-s-visas/student-visa-f-1.html]
[techlawfirm.net/es/u-s-visas/student-visa-m-1.html]
[techlawfirm.net/es/u-s-visas/fiance-visa-k-1.html]
[techlawfirm.net/es/u-s-visas/temporary-work-visa-h1b.html]
[techlawfirm.net/es/u-s-visas/intracompany-transferees-visa-l1.html]
[techlawfirm.net/es/u-s-visas/visa-for-persons-with-extraordinary-ability-o1.html]
[techlawfirm.net/es/u-s-visas/visa-for-foreign-investors.html]
[techlawfirm.net/es/u-s-visas/treaty-investors-and-employees.html]
[techlawfirm.net/es/removal-and-deportation]
[techlawfirm.net/es/removal-and-deportation/your-rights]
[techlawfirm.net/es/removal-and-deportation/how-to-behave-with-ice-agents]
[techlawfirm.net/es/removal-and-deportation/for-friends-and-family]
[techlawfirm.net/es/removal-and-deportation/getting-an-attorney]
[techlawfirm.net/es/fees.html]
[techlawfirm.net/es/contacts.html]
[techlawfirm.net/es/reviews.html]
[techlawfirm.net/es/knowledge-center.html]
[techlawfirm.net/es/about-us.html]
[www.google.com/recaptcha/apiec46.js]
[techlawfirm.net/es.html]
[techlawfirm.net/zh/certificate-of-citizenship.html]
[techlawfirm.net/zh/green-card.html]
[techlawfirm.net/zh/green-card/family-based-green-card.html]
[techlawfirm.net/zh/green-card/marriage-green-card.html]
[techlawfirm.net/zh/green-card/adjustment-of-status.html]
[techlawfirm.net/zh/green-card/employment-based-green-card.html]
[techlawfirm.net/zh/green-card/diversity-visa-program-green-card-lottery.html]
[techlawfirm.net/zh/green-card/green-card-replacement.html]
[techlawfirm.net/zh/green-card/green-card-renewal.html]
[techlawfirm.net/zh/green-card/employment-authorization.html]
[techlawfirm.net/zh/green-card/advance-parole.html]
[techlawfirm.net/zh/green-card/refugees-and-asylum.html]
[techlawfirm.net/zh/u-s-visas.html]
[techlawfirm.net/zh/u-s-visas/business-visitor-tourist-visa-b1-b2.html]
[techlawfirm.net/zh/u-s-visas/student-visa-f-1.html]
[techlawfirm.net/zh/u-s-visas/student-visa-m-1.html]
[techlawfirm.net/zh/u-s-visas/fiance-visa-k-1.html]
[techlawfirm.net/zh/u-s-visas/temporary-work-visa-h1b.html]
[techlawfirm.net/zh/u-s-visas/intracompany-transferees-visa-l1.html]
[techlawfirm.net/zh/u-s-visas/visa-for-persons-with-extraordinary-ability-o1.html]
[techlawfirm.net/zh/u-s-visas/visa-for-foreign-investors.html]
[techlawfirm.net/zh/u-s-visas/treaty-investors-and-employees.html]
[techlawfirm.net/zh/removal-and-deportation]
[techlawfirm.net/zh/removal-and-deportation/your-rights]
[techlawfirm.net/zh/removal-and-deportation/how-to-behave-with-ice-agents]
[techlawfirm.net/zh/removal-and-deportation/for-friends-and-family]
[techlawfirm.net/zh/removal-and-deportation/getting-an-attorney]
[techlawfirm.net/zh/fees.html]
[techlawfirm.net/zh/contacts.html]
[techlawfirm.net/zh/reviews.html]
[techlawfirm.net/zh/knowledge-center.html]
[techlawfirm.net/zh/about-us.html]
[www.google.com/recaptcha/api0dcc.js]
[techlawfirm.net/zh.html]
[www.google.com/recaptcha/api23b3.js]
[techlawfirm.net/ru.html]
[techlawfirm.net/img/services/citizenship/icon01.png]
[techlawfirm.net/img/services/citizenship/icon02.png]
[techlawfirm.net/img/services/citizenship/icon03.png]
[techlawfirm.net/img/services/citizenship/icon04.png]
[techlawfirm.net/ru/certificate-of-citizenship.html]
[techlawfirm.net/ru/green-card.html]
[techlawfirm.net/img/services/greencart/icon01.png]
[techlawfirm.net/img/services/greencart/icon03.png]
[techlawfirm.net/ru/green-card/family-based-green-card.html]
[techlawfirm.net/ru/green-card/marriage-green-card.html]
[techlawfirm.net/ru/green-card/adjustment-of-status.html]
[techlawfirm.net/img/services/greencart/icon04.png]
[techlawfirm.net/img/services/greencart/icon05.png]
[techlawfirm.net/ru/green-card/employment-based-green-card.html]
[techlawfirm.net/ru/green-card/diversity-visa-program-green-card-lottery.html]
[techlawfirm.net/img/services/citizenship/icon05.png]
[techlawfirm.net/ru/green-card/green-card-replacement.html]
[techlawfirm.net/ru/green-card/green-card-renewal.html]
[techlawfirm.net/ru/green-card/employment-authorization.html]
[techlawfirm.net/ru/green-card/advance-parole.html]
[techlawfirm.net/ru/green-card/refugees-and-asylum.html]
[techlawfirm.net/ru/u-s-visas.html]
[techlawfirm.net/img/services/visas/icon10.png]
[techlawfirm.net/img/services/visas/icon11.png]
[techlawfirm.net/img/services/visas/icon12.png]
[techlawfirm.net/ru/u-s-visas/business-visitor-tourist-visa-b1-b2.html]
[techlawfirm.net/ru/u-s-visas/student-visa-f-1.html]
[techlawfirm.net/img/services/visas/icon13.png]
[techlawfirm.net/ru/u-s-visas/student-visa-m-1.html]
[techlawfirm.net/ru/u-s-visas/fiance-visa-k-1.html]
[techlawfirm.net/img/services/visas/icon15.png]
[techlawfirm.net/img/services/visas/icon14.png]
[techlawfirm.net/ru/u-s-visas/temporary-work-visa-h1b.html]
[techlawfirm.net/ru/u-s-visas/intracompany-transferees-visa-l1.html]
[techlawfirm.net/img/services/greencart/icon02.png]
[techlawfirm.net/img/services/visas/icon16.png]
[techlawfirm.net/ru/u-s-visas/visa-for-persons-with-extraordinary-ability-o1.html]
[techlawfirm.net/img/services/citizenship/icon10.png]
[techlawfirm.net/ru/u-s-visas/visa-for-foreign-investors.html]
[techlawfirm.net/ru/u-s-visas/treaty-investors-and-employees.html]
[techlawfirm.net/ru/removal-and-deportation.html]
[techlawfirm.net/ru/removal-and-deportation/your-rights.html]
[techlawfirm.net/ru/removal-and-deportation/how-to-behave-with-ice-agents.html]
[techlawfirm.net/ru/removal-and-deportation/for-friends-and-family.html]
[techlawfirm.net/ru/removal-and-deportation/getting-an-attorney.html]
[techlawfirm.net/ru/fees.html]
[techlawfirm.net/ru/contacts.html]
[techlawfirm.net/img/design/reviews/US.png]
[techlawfirm.net/img/design/reviews/IL.png]
[techlawfirm.net/img/design/reviews/GB.png]
[techlawfirm.net/img/design/reviews/UA.png]
[techlawfirm.net/img/design/reviews/CA.png]
[techlawfirm.net/img/design/reviews/MX.png]
[techlawfirm.net/img/design/reviews/CN.png]
[techlawfirm.net/img/design/reviews/IN.png]
[techlawfirm.net/img/design/reviews/CZ.png]
[techlawfirm.net/img/design/reviews/FR.png]
[techlawfirm.net/img/design/reviews/AR.png]
[techlawfirm.net/img/design/reviews/DE.png]
[techlawfirm.net/img/design/reviews/IT.png]
[techlawfirm.net/img/design/reviews/AE.png]
[techlawfirm.net/img/design/reviews/KR.png]
[techlawfirm.net/img/design/reviews/BR.png]
[techlawfirm.net/img/design/reviews/BY.png]
[techlawfirm.net/assets/636b14af/dist/owl.carousel.min.js]
[techlawfirm.net/ru/reviews.html]
[techlawfirm.net/ru/knowledge-center/o-1-visa-application.html]
[techlawfirm.net/ru/knowledge-center/new-filing-fees.html]
[techlawfirm.net/ru/knowledge-center.html]
[techlawfirm.net/ru/knowledge-center/red-notices-and-diffusions.html]
[techlawfirm.net/ru/about-us.html]
[techlawfirm.net/es/signup.html]
[techlawfirm.net/ru/signup.html]
[techlawfirm.net/zh/signup.html]
[techlawfirm.net/es/terms-of-use.html]
[techlawfirm.net/ru/terms-of-use.html]
[techlawfirm.net/ru/a.html]
[techlawfirm.net/ru/POST.html]
[techlawfirm.net/zh/terms-of-use.html]
[techlawfirm.net/ru/schema.org]
[techlawfirm.net/schema.org/index.html]
[techlawfirm.net/ru/b.html]
[techlawfirm.net/ru/signals/iwl.html]
[techlawfirm.net/es/privacy-policy.html]
[techlawfirm.net/zh/privacy-policy.html]
[techlawfirm.net/ru/privacy-policy.html]
[techlawfirm.net/assets/e804296b/authchoice.png]
[techlawfirm.net/assets/e804296b/authchoice.css]
[techlawfirm.net/es/auth/reset-password/request.html]
[techlawfirm.net/es/login.html]
[techlawfirm.net/es/auth/email/resend.html]
[techlawfirm.net/zh/auth/reset-password/request.html]
[techlawfirm.net/zh/login.html]
[techlawfirm.net/zh/auth/email/resend.html]
[techlawfirm.net/ru/login.html]
[techlawfirm.net/ru/auth/reset-password/request.html]
[techlawfirm.net/ru/auth/email/resend.html]
[techlawfirm.net/es/certificate-of-citizenship.html]
[techlawfirm.net/es/green-card.html]
[techlawfirm.net/es/green-card/family-based-green-card.html]
[techlawfirm.net/es/green-card/marriage-green-card.html]
[techlawfirm.net/es/green-card/adjustment-of-status.html]
[techlawfirm.net/es/green-card/employment-based-green-card.html]
[techlawfirm.net/es/green-card/diversity-visa-program-green-card-lottery.html]
[techlawfirm.net/es/green-card/green-card-replacement.html]
[techlawfirm.net/es/green-card/green-card-renewal.html]
[techlawfirm.net/es/green-card/employment-authorization.html]
[techlawfirm.net/es/green-card/advance-parole.html]
[techlawfirm.net/es/green-card/refugees-and-asylum.html]
[techlawfirm.net/es/u-s-visas.html]
[techlawfirm.net/es/u-s-visas/business-visitor-tourist-visa-b1-b2.html]
[techlawfirm.net/es/u-s-visas/student-visa-f-1.html]
[techlawfirm.net/es/u-s-visas/student-visa-m-1.html]
[techlawfirm.net/es/u-s-visas/fiance-visa-k-1.html]
[techlawfirm.net/es/u-s-visas/temporary-work-visa-h1b.html]
[techlawfirm.net/es/u-s-visas/intracompany-transferees-visa-l1.html]
[techlawfirm.net/es/u-s-visas/visa-for-persons-with-extraordinary-ability-o1.html]
[techlawfirm.net/es/u-s-visas/visa-for-foreign-investors.html]
[techlawfirm.net/es/u-s-visas/treaty-investors-and-employees.html]
[techlawfirm.net/es/removal-and-deportation.html]
[techlawfirm.net/es/removal-and-deportation/your-rights.html]
[techlawfirm.net/es/removal-and-deportation/how-to-behave-with-ice-agents.html]
[techlawfirm.net/es/removal-and-deportation/for-friends-and-family.html]
[techlawfirm.net/es/removal-and-deportation/getting-an-attorney.html]
[techlawfirm.net/es/fees.html]
[techlawfirm.net/es/contacts.html]
[techlawfirm.net/es/reviews.html]
[techlawfirm.net/es/knowledge-center/o-1-visa-application.html]
[techlawfirm.net/es/knowledge-center/new-filing-fees.html]
[techlawfirm.net/es/knowledge-center.html]
[techlawfirm.net/es/knowledge-center/red-notices-and-diffusions.html]
[techlawfirm.net/es/about-us.html]
[techlawfirm.net/zh/certificate-of-citizenship.html]
[techlawfirm.net/zh/green-card.html]
[techlawfirm.net/zh/green-card/family-based-green-card.html]
[techlawfirm.net/zh/green-card/marriage-green-card.html]
[techlawfirm.net/zh/green-card/adjustment-of-status.html]
[techlawfirm.net/zh/green-card/employment-based-green-card.html]
[techlawfirm.net/zh/green-card/diversity-visa-program-green-card-lottery.html]
[techlawfirm.net/zh/green-card/green-card-replacement.html]
[techlawfirm.net/zh/green-card/green-card-renewal.html]
[techlawfirm.net/zh/green-card/employment-authorization.html]
[techlawfirm.net/zh/green-card/advance-parole.html]
[techlawfirm.net/zh/green-card/refugees-and-asylum.html]
[techlawfirm.net/zh/u-s-visas.html]
[techlawfirm.net/zh/u-s-visas/business-visitor-tourist-visa-b1-b2.html]
[techlawfirm.net/zh/u-s-visas/student-visa-f-1.html]
[techlawfirm.net/zh/u-s-visas/student-visa-m-1.html]
[techlawfirm.net/zh/u-s-visas/fiance-visa-k-1.html]
[techlawfirm.net/zh/u-s-visas/temporary-work-visa-h1b.html]
[techlawfirm.net/zh/u-s-visas/intracompany-transferees-visa-l1.html]
[techlawfirm.net/zh/u-s-visas/visa-for-persons-with-extraordinary-ability-o1.html]
[techlawfirm.net/zh/u-s-visas/visa-for-foreign-investors.html]
[techlawfirm.net/zh/u-s-visas/treaty-investors-and-employees.html]
[techlawfirm.net/zh/removal-and-deportation.html]
[techlawfirm.net/zh/removal-and-deportation/your-rights.html]
[techlawfirm.net/zh/removal-and-deportation/how-to-behave-with-ice-agents.html]
[techlawfirm.net/zh/removal-and-deportation/for-friends-and-family.html]
[techlawfirm.net/zh/removal-and-deportation/getting-an-attorney.html]
[techlawfirm.net/zh/fees.html]
[techlawfirm.net/zh/contacts.html]
[techlawfirm.net/zh/reviews.html]
[techlawfirm.net/zh/knowledge-center/o-1-visa-application.html]
[techlawfirm.net/zh/knowledge-center/new-filing-fees.html]
[techlawfirm.net/zh/knowledge-center.html]
[techlawfirm.net/zh/knowledge-center/red-notices-and-diffusions.html]
[techlawfirm.net/zh/about-us.html]
[techlawfirm.net/img/services/citizenship/icon10.html]
[techlawfirm.net/assets/636b14af/dist/assets/owl.video.play.png]
[techlawfirm.net/assets/636b14af/dist/assets/owl.carousel.min.css]
[techlawfirm.net/assets/636b14af/dist/assets/owl.theme.default.min.css]
[techlawfirm.net/ru/knowledge-center/o-1-visa-application.html]
[techlawfirm.net/knowledge-center/o-1-visa-application.html]
[techlawfirm.net/ru/knowledge-center/new-filing-fees.html]
[techlawfirm.net/knowledge-center/new-filing-fees.html]
[techlawfirm.net/ru/knowledge-center/red-notices-and-diffusions.html]
[techlawfirm.net/knowledge-center/red-notices-and-diffusions.html]
[techlawfirm.net/es/signup.html]
[techlawfirm.net/zh/signup.html]
[techlawfirm.net/es/terms-of-use.html]
[techlawfirm.net/zh/terms-of-use.html]
[techlawfirm.net/ru/schema.html]
[techlawfirm.net/es/auth/reset-password/request.html]
[techlawfirm.net/es/auth/email/resend.html]
[techlawfirm.net/zh/auth/reset-password/request.html]
[techlawfirm.net/zh/auth/email/resend.html]
[techlawfirm.net/es/knowledge-center/o-1-visa-application.html]
[techlawfirm.net/es/knowledge-center/new-filing-fees.html]
[techlawfirm.net/es/knowledge-center/red-notices-and-diffusions.html]
[techlawfirm.net/zh/knowledge-center/o-1-visa-application.html]
[techlawfirm.net/zh/knowledge-center/new-filing-fees.html]
[techlawfirm.net/zh/knowledge-center/red-notices-and-diffusions.html]
[techlawfirm.net/knowledge-center/o-1-visa-application.html]
[techlawfirm.net/knowledge-center/new-filing-fees.html]
[techlawfirm.net/knowledge-center/red-notices-and-diffusions.html]
